------------------------------------------------------------
Timing Analyzer Summary
------------------------------------------------------------

Type  : Slow 1100mV 85C Model Setup 'pll|pll_inst|altera_pll_i|general[0].gpll~PLL_OUTPUT_COUNTER|divclk'
Slack : -7.421
TNS   : -10329.676

Type  : Slow 1100mV 85C Model Setup 'VGA_Ctrl:u9|oVGA_HS'
Slack : -4.247
TNS   : -45.492

Type  : Slow 1100mV 85C Model Hold 'VGA_Ctrl:u9|oVGA_HS'
Slack : 0.292
TNS   : 0.000

Type  : Slow 1100mV 85C Model Hold 'pll|pll_inst|altera_pll_i|general[0].gpll~PLL_OUTPUT_COUNTER|divclk'
Slack : 0.368
TNS   : 0.000

Type  : Slow 1100mV 85C Model Minimum Pulse Width 'VGA_Ctrl:u9|oVGA_HS'
Slack : -0.394
TNS   : -10.906

Type  : Slow 1100mV 85C Model Minimum Pulse Width 'pll|pll_inst|altera_pll_i|general[0].gpll~FRACTIONAL_PLL|vcoph[0]'
Slack : 1.562
TNS   : 0.000

Type  : Slow 1100mV 85C Model Minimum Pulse Width 'CLK'
Slack : 9.151
TNS   : 0.000

Type  : Slow 1100mV 85C Model Minimum Pulse Width 'pll|pll_inst|altera_pll_i|general[0].gpll~PLL_OUTPUT_COUNTER|divclk'
Slack : 11.271
TNS   : 0.000

Type  : Slow 1100mV 0C Model Setup 'pll|pll_inst|altera_pll_i|general[0].gpll~PLL_OUTPUT_COUNTER|divclk'
Slack : -6.718
TNS   : -9262.488

Type  : Slow 1100mV 0C Model Setup 'VGA_Ctrl:u9|oVGA_HS'
Slack : -4.072
TNS   : -44.587

Type  : Slow 1100mV 0C Model Hold 'VGA_Ctrl:u9|oVGA_HS'
Slack : 0.349
TNS   : 0.000

Type  : Slow 1100mV 0C Model Hold 'pll|pll_inst|altera_pll_i|general[0].gpll~PLL_OUTPUT_COUNTER|divclk'
Slack : 0.370
TNS   : 0.000

Type  : Slow 1100mV 0C Model Minimum Pulse Width 'VGA_Ctrl:u9|oVGA_HS'
Slack : -0.394
TNS   : -12.121

Type  : Slow 1100mV 0C Model Minimum Pulse Width 'pll|pll_inst|altera_pll_i|general[0].gpll~FRACTIONAL_PLL|vcoph[0]'
Slack : 1.562
TNS   : 0.000

Type  : Slow 1100mV 0C Model Minimum Pulse Width 'CLK'
Slack : 9.161
TNS   : 0.000

Type  : Slow 1100mV 0C Model Minimum Pulse Width 'pll|pll_inst|altera_pll_i|general[0].gpll~PLL_OUTPUT_COUNTER|divclk'
Slack : 11.247
TNS   : 0.000

Type  : Fast 1100mV 85C Model Setup 'pll|pll_inst|altera_pll_i|general[0].gpll~PLL_OUTPUT_COUNTER|divclk'
Slack : -5.535
TNS   : -7872.958

Type  : Fast 1100mV 85C Model Setup 'VGA_Ctrl:u9|oVGA_HS'
Slack : -2.424
TNS   : -20.052

Type  : Fast 1100mV 85C Model Hold 'VGA_Ctrl:u9|oVGA_HS'
Slack : 0.126
TNS   : 0.000

Type  : Fast 1100mV 85C Model Hold 'pll|pll_inst|altera_pll_i|general[0].gpll~PLL_OUTPUT_COUNTER|divclk'
Slack : 0.181
TNS   : 0.000

Type  : Fast 1100mV 85C Model Minimum Pulse Width 'VGA_Ctrl:u9|oVGA_HS'
Slack : 0.118
TNS   : 0.000

Type  : Fast 1100mV 85C Model Minimum Pulse Width 'pll|pll_inst|altera_pll_i|general[0].gpll~FRACTIONAL_PLL|vcoph[0]'
Slack : 1.562
TNS   : 0.000

Type  : Fast 1100mV 85C Model Minimum Pulse Width 'CLK'
Slack : 9.158
TNS   : 0.000

Type  : Fast 1100mV 85C Model Minimum Pulse Width 'pll|pll_inst|altera_pll_i|general[0].gpll~PLL_OUTPUT_COUNTER|divclk'
Slack : 11.389
TNS   : 0.000

Type  : Fast 1100mV 0C Model Setup 'pll|pll_inst|altera_pll_i|general[0].gpll~PLL_OUTPUT_COUNTER|divclk'
Slack : -4.414
TNS   : -6268.872

Type  : Fast 1100mV 0C Model Setup 'VGA_Ctrl:u9|oVGA_HS'
Slack : -2.092
TNS   : -16.803

Type  : Fast 1100mV 0C Model Hold 'VGA_Ctrl:u9|oVGA_HS'
Slack : 0.129
TNS   : 0.000

Type  : Fast 1100mV 0C Model Hold 'pll|pll_inst|altera_pll_i|general[0].gpll~PLL_OUTPUT_COUNTER|divclk'
Slack : 0.173
TNS   : 0.000

Type  : Fast 1100mV 0C Model Minimum Pulse Width 'VGA_Ctrl:u9|oVGA_HS'
Slack : 0.139
TNS   : 0.000

Type  : Fast 1100mV 0C Model Minimum Pulse Width 'pll|pll_inst|altera_pll_i|general[0].gpll~FRACTIONAL_PLL|vcoph[0]'
Slack : 1.562
TNS   : 0.000

Type  : Fast 1100mV 0C Model Minimum Pulse Width 'CLK'
Slack : 9.162
TNS   : 0.000

Type  : Fast 1100mV 0C Model Minimum Pulse Width 'pll|pll_inst|altera_pll_i|general[0].gpll~PLL_OUTPUT_COUNTER|divclk'
Slack : 11.385
TNS   : 0.000

------------------------------------------------------------
