------------------------------------------------------------
Timing Analyzer Summary
------------------------------------------------------------

Type  : Slow 1100mV 85C Model Setup 'pll|pll_inst|altera_pll_i|general[0].gpll~PLL_OUTPUT_COUNTER|divclk'
Slack : -7.704
TNS   : -12063.890

Type  : Slow 1100mV 85C Model Setup 'VGA_Ctrl:u9|oVGA_HS'
Slack : -4.507
TNS   : -44.831

Type  : Slow 1100mV 85C Model Hold 'pll|pll_inst|altera_pll_i|general[0].gpll~PLL_OUTPUT_COUNTER|divclk'
Slack : 0.309
TNS   : 0.000

Type  : Slow 1100mV 85C Model Hold 'VGA_Ctrl:u9|oVGA_HS'
Slack : 0.351
TNS   : 0.000

Type  : Slow 1100mV 85C Model Minimum Pulse Width 'VGA_Ctrl:u9|oVGA_HS'
Slack : -0.394
TNS   : -10.884

Type  : Slow 1100mV 85C Model Minimum Pulse Width 'pll|pll_inst|altera_pll_i|general[0].gpll~FRACTIONAL_PLL|vcoph[0]'
Slack : 1.562
TNS   : 0.000

Type  : Slow 1100mV 85C Model Minimum Pulse Width 'CLK'
Slack : 9.152
TNS   : 0.000

Type  : Slow 1100mV 85C Model Minimum Pulse Width 'pll|pll_inst|altera_pll_i|general[0].gpll~PLL_OUTPUT_COUNTER|divclk'
Slack : 11.268
TNS   : 0.000

Type  : Slow 1100mV 0C Model Setup 'pll|pll_inst|altera_pll_i|general[0].gpll~PLL_OUTPUT_COUNTER|divclk'
Slack : -7.019
TNS   : -11018.930

Type  : Slow 1100mV 0C Model Setup 'VGA_Ctrl:u9|oVGA_HS'
Slack : -4.357
TNS   : -43.240

Type  : Slow 1100mV 0C Model Hold 'pll|pll_inst|altera_pll_i|general[0].gpll~PLL_OUTPUT_COUNTER|divclk'
Slack : 0.295
TNS   : 0.000

Type  : Slow 1100mV 0C Model Hold 'VGA_Ctrl:u9|oVGA_HS'
Slack : 0.397
TNS   : 0.000

Type  : Slow 1100mV 0C Model Minimum Pulse Width 'VGA_Ctrl:u9|oVGA_HS'
Slack : -0.394
TNS   : -12.050

Type  : Slow 1100mV 0C Model Minimum Pulse Width 'pll|pll_inst|altera_pll_i|general[0].gpll~FRACTIONAL_PLL|vcoph[0]'
Slack : 1.562
TNS   : 0.000

Type  : Slow 1100mV 0C Model Minimum Pulse Width 'CLK'
Slack : 9.160
TNS   : 0.000

Type  : Slow 1100mV 0C Model Minimum Pulse Width 'pll|pll_inst|altera_pll_i|general[0].gpll~PLL_OUTPUT_COUNTER|divclk'
Slack : 11.247
TNS   : 0.000

Type  : Fast 1100mV 85C Model Setup 'pll|pll_inst|altera_pll_i|general[0].gpll~PLL_OUTPUT_COUNTER|divclk'
Slack : -6.329
TNS   : -8467.506

Type  : Fast 1100mV 85C Model Setup 'VGA_Ctrl:u9|oVGA_HS'
Slack : -2.626
TNS   : -18.763

Type  : Fast 1100mV 85C Model Hold 'VGA_Ctrl:u9|oVGA_HS'
Slack : 0.167
TNS   : 0.000

Type  : Fast 1100mV 85C Model Hold 'pll|pll_inst|altera_pll_i|general[0].gpll~PLL_OUTPUT_COUNTER|divclk'
Slack : 0.181
TNS   : 0.000

Type  : Fast 1100mV 85C Model Minimum Pulse Width 'VGA_Ctrl:u9|oVGA_HS'
Slack : 0.118
TNS   : 0.000

Type  : Fast 1100mV 85C Model Minimum Pulse Width 'pll|pll_inst|altera_pll_i|general[0].gpll~FRACTIONAL_PLL|vcoph[0]'
Slack : 1.562
TNS   : 0.000

Type  : Fast 1100mV 85C Model Minimum Pulse Width 'CLK'
Slack : 9.158
TNS   : 0.000

Type  : Fast 1100mV 85C Model Minimum Pulse Width 'pll|pll_inst|altera_pll_i|general[0].gpll~PLL_OUTPUT_COUNTER|divclk'
Slack : 11.387
TNS   : 0.000

Type  : Fast 1100mV 0C Model Setup 'pll|pll_inst|altera_pll_i|general[0].gpll~PLL_OUTPUT_COUNTER|divclk'
Slack : -5.065
TNS   : -6751.435

Type  : Fast 1100mV 0C Model Setup 'VGA_Ctrl:u9|oVGA_HS'
Slack : -2.261
TNS   : -15.952

Type  : Fast 1100mV 0C Model Hold 'VGA_Ctrl:u9|oVGA_HS'
Slack : 0.154
TNS   : 0.000

Type  : Fast 1100mV 0C Model Hold 'pll|pll_inst|altera_pll_i|general[0].gpll~PLL_OUTPUT_COUNTER|divclk'
Slack : 0.165
TNS   : 0.000

Type  : Fast 1100mV 0C Model Minimum Pulse Width 'VGA_Ctrl:u9|oVGA_HS'
Slack : 0.141
TNS   : 0.000

Type  : Fast 1100mV 0C Model Minimum Pulse Width 'pll|pll_inst|altera_pll_i|general[0].gpll~FRACTIONAL_PLL|vcoph[0]'
Slack : 1.562
TNS   : 0.000

Type  : Fast 1100mV 0C Model Minimum Pulse Width 'CLK'
Slack : 9.162
TNS   : 0.000

Type  : Fast 1100mV 0C Model Minimum Pulse Width 'pll|pll_inst|altera_pll_i|general[0].gpll~PLL_OUTPUT_COUNTER|divclk'
Slack : 11.385
TNS   : 0.000

------------------------------------------------------------
